# Generated by goldga. DO NOT EDIT.
[snapshots]
"Integration test when running `nt h` should match snapshot" = '''
(string) (len=198) "Usage: nt [nt-database?] <command? [args]>\n  Note the tool relies on NOTION_SECRET being present in environment\n\nCommands:\n  v -- show version\n  h -- show this help\n  p|[none] -- show tasks from db\n"
'''
"Integration test when running `nt p` should match complex snapshot" = '''
(string) (len=241) "\"      \x1b[30;48;2;255;211;94mRBM\x1b[0m // \x1b[1mIssue #21: refactor bound_ord\x1b[0m \x1b[30;48;5;203m(2023-01-30)\x1b[0m \x1b[1m!\x1b[0m \x1b[2md483\x1b[0m\"\n\"\x1b[97;48;5;240mAstronomy\x1b[0m // Jupiter Observation           \x1b[30;48;5;203m(2023-01-29)\x1b[0m   \x1b[2m0183\x1b[0m\"\n"
'''
"Integration test when running `nt p` should match simple snapshot" = '''
(string) (len=837) "\"\x1b[30;48;2;94;211;255mAI Research\x1b[0m // FIND TEAM FOR PROJECT         \x1b[30;48;5;203m(2023-01-22)\x1b[0m   \x1b[2mfc7d\x1b[0m\"\n\"\x1b[30;48;2;94;211;255mAI Research\x1b[0m // \x1b[2mExploration HW\x1b[0m                \x1b[30;48;5;203m(2023-01-23)\x1b[0m   \x1b[2m8dff\x1b[0m\"\n\"         \x1b[30;48;5;212mML\x1b[0m // HW 2                          \x1b[30;48;5;203m(2023-01-24)\x1b[0m   \x1b[2m3027\x1b[0m\"\n\"    \x1b[30;48;2;169;255;94mBiology\x1b[0m // Recruit 30 Participants       \x1b[30;48;5;203m(2023-01-24)\x1b[0m   \x1b[2mebbe\x1b[0m\"\n\" \x1b[30;48;5;248mInternship\x1b[0m // \x1b[2mIBM Interview\x1b[0m                 \x1b[30;48;5;203m(2023-01-28)\x1b[0m   \x1b[2me60b\x1b[0m\"\n\"  \x1b[97;48;5;240mAstronomy\x1b[0m // Jupiter Observation           \x1b[30;48;5;203m(2023-01-29)\x1b[0m   \x1b[2m0183\x1b[0m\"\n\"        \x1b[30;48;2;255;211;94mRBM\x1b[0m // \x1b[1mIssue #21: refactor bound_ord\x1b[0m \x1b[30;48;5;203m(2023-01-30)\x1b[0m \x1b[1m!\x1b[0m \x1b[2md483\x1b[0m\"\n"
'''
"Integration test when running malformed commands matches unknown command snapshot" = '''
(string) (len=248) "exit status 1\nnt: unknown command [./nt unknown]\n\nUsage: nt [nt-database?] <command? [args]>\n  Note the tool relies on NOTION_SECRET being present in environment\n\nCommands:\n  v -- show version\n  h -- show this help\n  p|[none] -- show tasks from db\n"
'''
